I'm sorry, but errors were detected in your script. Please correct the
errors listed below, and try again.


File "game/Chapter1/chap1.rpy", line 114: expected end of line
    play music bg4 fadeinn 1.0
                   ^

Ren'Py Version: Ren'Py 7.4.7.1862
Sat Aug 28 11:53:21 2021
